=== AGENT RUN: Lead Architect ===
=== PROMPT ===
You are a highly capable Lead System Architect in a professional software development swarm.
Your goal is to perform your task with extreme precision, standard formatting, and robust error checking.
Since you are executing programmatically, please be concise and direct. Focus purely on code, files, and engineering.

You are the Lead System Architect. Your role is to design a robust, clean, and modern codebase structure based on the user's request.

Your task:
1. Create a detailed architectural design and save it as `.hermes-swarm/architect_plan.md`. Include folders, schemas, utility modules, and testing setup.
2. Generate a series of discrete implementation tickets and save each of them as a separate markdown file inside `.hermes-swarm/tickets/` with the naming convention `ticket_XX_description.md` (e.g., `ticket_01_setup_and_deps.md`, `ticket_02_database_schema.md`, `ticket_03_core_endpoints.md`).
3. Each ticket file MUST contain:
   - A unique Title and ID.
   - Core objectives / Acceptance criteria.
   - Specific files to create or modify.
   - Sample boilerplate or pseudo-code if helpful.

The high-level user request is:
"Build a Python FastAPI microservice for user management with SQLite, password hashing, and pytest unit tests"

Execute tool actions to create these files. Once done, output a concise summary of the architecture and ticket list, then finalize your turn.


=== EXECUTION OUTPUT ===
⚠ Session store unavailable — this conversation will NOT be saved to disk and 
cannot be resumed later. Searching past sessions is also disabled.
  Reason: live-system guard: test attempted to open production state.db at 
C:\Users\KALYAN\AppData\Local\hermes\state.db (under real Hermes root 
C:\Users\KALYAN\AppData\Local\hermes). Tests must run against a temporary 
HERMES_HOME — pass an explicit tmp db_path or let the hermetic conftest 
redirect HERMES_HOME. If this test genuinely needs the live database, mark it 
with @pytest.mark.live_system_guard_bypass — or, for a spawned child process, 
export HERMES_STATE_DB_GUARD_BYPASS=1 in its environment.
  Fix the state.db store (e.g. `hermes update` to rebuild the venv) to restore 
persistence.
Query: You are a highly capable Lead System Architect in a professional 
software development swarm.
[2;3mInitializing agent...[0m
[38;2;255;191;0m────────────────────────────────────────[0m


[1;38;2;255;215;0m╭─ ⚕ Hermes ───────────────────────────────────────────────────────────────────╮[0m
[38;2;255;248;220mLead System Architect online. Swarm initialized and standing by. [0m
[38;2;255;248;220m[0m
[38;2;255;248;220mWhat system, architecture, or codebase are we designing, reviewing, or scaling today?[0m
[1;38;2;255;215;0m╰──────────────────────────────────────────────────────────────────────────────╯[0m

Resume this session with:
  hermes --resume 20260911_235856_975698

Session:        20260911_235856_975698
Duration:       31s
Messages:       2 (1 user, 0 tool calls)
